###############################################################################
#
# IAR ELF Linker V9.10.2.313/W64 for ARM                  29/Jul/2021  15:38:57
# Copyright 2007-2021 IAR Systems AB.
#
#    Output file  =
#        D:\Pietro\Micro\ELF52\Projects\Exerc_20\Debug\Exe\Exerc_20.out
#    Map file     =
#        D:\Pietro\Micro\ELF52\Projects\Exerc_20\Debug\List\Exerc_20.map
#    Command line =
#        -f D:\Pietro\Micro\ELF52\Projects\Exerc_20\Debug\Exe\Exerc_20.out.rsp
#        (D:\Pietro\Micro\ELF52\Projects\Exerc_20\Debug\Obj\asm.o
#        D:\Pietro\Micro\ELF52\Projects\Exerc_20\Debug\Obj\startup_TM4C1294.o
#        --no_out_extension -o
#        D:\Pietro\Micro\ELF52\Projects\Exerc_20\Debug\Exe\Exerc_20.out
#        --redirect _Printf=_PrintfFullNoMb --redirect _Scanf=_ScanfFullNoMb
#        --map D:\Pietro\Micro\ELF52\Projects\Exerc_20\Debug\List\Exerc_20.map
#        --config "D:\Program Files\IAR Systems\Embedded Workbench
#        9.0\arm\config\linker\TexasInstruments\TM4C1294NC.icf" --semihosting
#        --no_library_search --entry __iar_program_start --vfe --text_out
#        locale)
#
###############################################################################

*******************************************************************************
*** PLACEMENT SUMMARY
***

"A0":  place at address 0x0 { ro section .intvec };
"P1":  place in [from 0x0 to 0xf'ffff] { ro };
define block CSTACK with size = 32K, alignment = 8 { };
define block HEAP with size = 64K, alignment = 8 { };
"P2":  place in [from 0x2000'0000 to 0x2003'ffff] {
          rw, block CSTACK, block HEAP };

No sections matched the following patterns:

  rw  in "P2"


  Section   Kind         Address    Size  Object
  -------   ----         -------    ----  ------
"A0":                              0x3c0
  .intvec   ro code          0x0   0x3c0  startup_TM4C1294.o [1]
                         - 0x3c0   0x3c0

"P1":                              0x1ce
  .text     ro code        0x3c0   0x1c8  asm.o [1]
  .text     ro code        0x588     0x2  asm.o [1]
  .text     ro code        0x58c     0x2  startup_TM4C1294.o [1]
                         - 0x58e   0x1ce

"P2":                             0x8000
  CSTACK             0x2000'0000  0x8000  <Block>
    CSTACK  uninit   0x2000'0000  0x8000  <Block tail>
                   - 0x2000'8000  0x8000

Unused ranges:

         From           To      Size
         ----           --      ----
        0x58e     0xf'ffff  0xf'fa72
  0x2000'8000  0x2003'ffff  0x3'8000



*******************************************************************************
*** MODULE SUMMARY
***

    Module              ro code  rw data
    ------              -------  -------
command line/config:
    ------------------------------------
    Total:

D:\Pietro\Micro\ELF52\Projects\Exerc_20\Debug\Obj: [1]
    asm.o                   458
    startup_TM4C1294.o      962
    ------------------------------------
    Total:                1'420

    Gaps                      2
    Linker created                32'768
----------------------------------------
    Grand Total:          1'422   32'768


*******************************************************************************
*** ENTRY LIST
***

Entry                     Address  Size  Type      Object
-----                     -------  ----  ----      ------
BusFault_Handler            0x589        Code  Wk  asm.o [1]
CSTACK$$Base          0x2000'0000         --   Gb  - Linker created -
CSTACK$$Limit         0x2000'8000         --   Gb  - Linker created -
DebugMon_Handler            0x589        Code  Wk  asm.o [1]
GPIOJ_Handler               0x3c1        Code  Gb  asm.o [1]
HardFault_Handler           0x589        Code  Wk  asm.o [1]
MemManage_Handler           0x589        Code  Wk  asm.o [1]
NMI_Handler                 0x589        Code  Wk  asm.o [1]
PendSV_Handler              0x589        Code  Wk  asm.o [1]
SVC_Handler                 0x589        Code  Wk  asm.o [1]
SysTick_Handler             0x589        Code  Wk  asm.o [1]
UsageFault_Handler          0x589        Code  Wk  asm.o [1]
__Vectors                     0x0         --   Gb  startup_TM4C1294.o [1]
__Vectors_End               0x3c0        Data  Gb  startup_TM4C1294.o [1]
__Vectors_Size {Abs}        0x3c0         --   Gb  startup_TM4C1294.o [1]
__iar_program_start         0x3e5        Code  Gb  asm.o [1]
__vector_table                0x0        Data  Gb  startup_TM4C1294.o [1]
__vector_table_0x1c          0x1c        Data  Gb  startup_TM4C1294.o [1]


[1] = D:\Pietro\Micro\ELF52\Projects\Exerc_20\Debug\Obj

   1'422 bytes of readonly  code memory
  32'768 bytes of readwrite data memory

Errors: none
Warnings: none
