###############################################################################
#
# IAR ELF Linker V9.10.2.313/W64 for ARM                  12/Aug/2021  18:30:09
# Copyright 2007-2021 IAR Systems AB.
#
#    Output file  =
#        D:\Pietro\Micro\ELF52\Projects\asm_example\Debug\Exe\asm_example.out
#    Map file     =
#        D:\Pietro\Micro\ELF52\Projects\asm_example\Debug\List\asm_example.map
#    Command line =
#        -f
#        D:\Pietro\Micro\ELF52\Projects\asm_example\Debug\Exe\asm_example.out.rsp
#        (D:\Pietro\Micro\ELF52\Projects\asm_example\Debug\Obj\asm.o
#        D:\Pietro\Micro\ELF52\Projects\asm_example\Debug\Obj\startup_TM4C1294.o
#        --no_out_extension -o
#        D:\Pietro\Micro\ELF52\Projects\asm_example\Debug\Exe\asm_example.out
#        --redirect _Printf=_PrintfFullNoMb --redirect _Scanf=_ScanfFullNoMb
#        --map
#        D:\Pietro\Micro\ELF52\Projects\asm_example\Debug\List\asm_example.map
#        --config "D:\Program Files\IAR Systems\Embedded Workbench
#        9.0\arm\config\linker\TexasInstruments\TM4C1294NC.icf" --semihosting
#        --entry __iar_program_start --no_exceptions --no_vfe --text_out
#        locale)
#
###############################################################################

*******************************************************************************
*** HEAP SELECTION
***

The basic heap was selected because no calls to memory allocation
functions were found in the application outside of system library
functions.


*******************************************************************************
*** PLACEMENT SUMMARY
***

"A0":  place at address 0x0 { ro section .intvec };
"P1":  place in [from 0x0 to 0xf'ffff] { ro };
define block CSTACK with size = 32K, alignment = 8 { };
define block HEAP with size = 64K, alignment = 8 { };
"P2":  place in [from 0x2000'0000 to 0x2003'ffff] {
          rw, block CSTACK, block HEAP };

No sections matched the following patterns:

  rw  in "P2"


  Section   Kind         Address    Size  Object
  -------   ----         -------    ----  ------
"A0":                              0x3c0
  .intvec   ro code          0x0   0x3c0  startup_TM4C1294.o [1]
                         - 0x3c0   0x3c0

"P1":                              0x312
  .text     ro code        0x3c0   0x310  asm.o [1]
  .text     ro code        0x6d0     0x2  startup_TM4C1294.o [1]
                         - 0x6d2   0x312

"P2":                             0x8000
  CSTACK             0x2000'0000  0x8000  <Block>
    CSTACK  uninit   0x2000'0000  0x8000  <Block tail>
                   - 0x2000'8000  0x8000

Unused ranges:

         From           To      Size
         ----           --      ----
        0x6d2     0xf'ffff  0xf'f92e
  0x2000'8000  0x2003'ffff  0x3'8000



*******************************************************************************
*** MODULE SUMMARY
***

    Module              ro code  rw data
    ------              -------  -------
command line/config:
    ------------------------------------
    Total:

D:\Pietro\Micro\ELF52\Projects\asm_example\Debug\Obj: [1]
    asm.o                   784
    startup_TM4C1294.o      962
    ------------------------------------
    Total:                1'746

    Linker created                32'768
----------------------------------------
    Grand Total:          1'746   32'768


*******************************************************************************
*** ENTRY LIST
***

Entry                     Address  Size  Type      Object
-----                     -------  ----  ----      ------
CSTACK$$Base          0x2000'0000         --   Gb  - Linker created -
CSTACK$$Limit         0x2000'8000         --   Gb  - Linker created -
__Vectors                     0x0         --   Gb  startup_TM4C1294.o [1]
__Vectors_End               0x3c0        Data  Gb  startup_TM4C1294.o [1]
__Vectors_Size {Abs}        0x3c0         --   Gb  startup_TM4C1294.o [1]
__iar_program_start         0x3c1        Code  Gb  asm.o [1]
__vector_table                0x0        Data  Gb  startup_TM4C1294.o [1]
__vector_table_0x1c          0x1c        Data  Gb  startup_TM4C1294.o [1]


[1] = D:\Pietro\Micro\ELF52\Projects\asm_example\Debug\Obj

   1'746 bytes of readonly  code memory
  32'768 bytes of readwrite data memory

Errors: none
Warnings: none
