###############################################################################
#                                                                             #
#     IAR Assembler V9.10.2.313/W64 for ARM 12/Aug/2021  18:30:09             #
#     Copyright 1999-2021 IAR Systems AB.                                     #
#                                                                             #
#           Source file   =  D:\Pietro\Micro\ELF52\Projects\uart2\src\startup_TM4C1294.s#
#           List file     =  D:\Pietro\Micro\ELF52\Projects\asm_example\Debug\List\startup_TM4C1294.lst#
#           Object file   =  D:\Pietro\Micro\ELF52\Projects\asm_example\Debug\Obj\startup_TM4C1294.o#
#           Command line  =  -f                                               #
#                            D:\Pietro\Micro\ELF52\Projects\asm_example\Debug\Obj\startup_TM4C1294.o.rsp #
#                            (D:\Pietro\Micro\ELF52\Projects\uart2\src\startup_TM4C1294.s #
#                            -OD:\Pietro\Micro\ELF52\Projects\asm_example\Debug\Obj\ #
#                            -s+ -M<> -w+ -r                                  #
#                            -LD:\Pietro\Micro\ELF52\Projects\asm_example\Debug\List\ #
#                            -t8 --cpu Cortex-M4 --fpu VFPv4_sp)              #
#                                                                             #
###############################################################################

    1                           ;/********************************************
                                **********************************
    2                           ; * @file     startup_TM4C1294.s (based on
                                 startup_ARMCM4.s & startup_TM4C129.s)
    3                           ; * @brief    CMSIS Core Device Startup File
                                 for
    4                           ; *                   TM4C1294 Device
    5                           ; * @version  V5.3.2
    6                           ; * @date     14. April 2021 (modified by Hugo
                                 Vieira Neto)
    7                           ; ********************************************
                                **********************************/
    8                           ;/*
    9                           ; * Copyright (c) 2009-2018 ARM Limited. All
                                 rights reserved.
   10                           ; *
   11                           ; * SPDX-License-Identifier: Apache-2.0
   12                           ; *
   13                           ; * Licensed under the Apache License, Version
                                 2.0 (the License); you may
   14                           ; * not use this file except in compliance
                                 with the License.
   15                           ; * You may obtain a copy of the License
                                 at
   16                           ; *
   17                           ; * www.apache.org/licenses/LICENSE-2.0
   18                           ; *
   19                           ; * Unless required by applicable law or
                                 agreed to in writing, software
   20                           ; * distributed under the License is
                                 distributed on an AS IS BASIS, WITHOUT
   21                           ; * WARRANTIES OR CONDITIONS OF ANY KIND,
                                 either express or implied.
   22                           ; * See the License for the specific language
                                 governing permissions and
   23                           ; * limitations under the License.
   24                           ; */
   25                           
   26                           ;
   27                           ; The modules in this file are included in the
                                 libraries, and may be replaced
   28                           ; by any user-defined modules that define the
                                 PUBLIC symbol _program_start or
   29                           ; a user defined start symbol.
   30                           ; To override the cstartup defined in the
                                 library, simply add your modified
   31                           ; version to the workbench project.
   32                           ;
   33                           ; The vector table is normally located at
                                 address 0.
   34                           ; When debugging in RAM, it can be located in
                                 RAM, aligned to at least 2^6.
   35                           ; The name "__vector_table" has special
                                 meaning for C-SPY:
   36                           ; it is where the SP start value is found, and
                                 the NVIC vector
   37                           ; table register (VTOR) is initialized to this
                                 address if != 0.
   38                           ;
   39                           ; Cortex-M version
   40                           ;
   41                           
   42                                           MODULE  ?cstartup
   43                           
   44                                           ;; Forward declaration of
                                 sections.
   45                                           SECTION CSTACK:DATA:NOROOT(3)
   46                           
   47                                           SECTION .intvec:CODE:NOROOT(2)
   48                           
   49                                           EXTERN  __iar_program_start
   50                                           PUBLIC  __vector_table
   51                                           PUBLIC  __vector_table_0x1c
   52                                           PUBLIC  __Vectors
   53                                           PUBLIC  __Vectors_End
   54                                           PUBLIC  __Vectors_Size
   55                           
   56                                           DATA
   57                           
   58                           __vector_table
   59    00000000 ........                      DCD     sfe(CSTACK)         ;  
    Top of Stack
   60    00000004 ........                      DCD     __iar_program_start ;  
    Reset Handler
   61    00000008 ........                      DCD     NMI_Handler         ;
  -14 NMI Handler
   62    0000000C ........                      DCD     HardFault_Handler   ;
  -13 Hard Fault Handler
   63    00000010 ........                      DCD     MemManage_Handler   ;
  -12 MPU Fault Handler
   64    00000014 ........                      DCD     BusFault_Handler    ;
  -11 Bus Fault Handler
   65    00000018 ........                      DCD     UsageFault_Handler  ;
  -10 Usage Fault Handler
   66                           __vector_table_0x1c
   67    0000001C 00000000                      DCD     0                   ;  
    Reserved
   68    00000020 00000000                      DCD     0                   ;  
    Reserved
   69    00000024 00000000                      DCD     0                   ;  
    Reserved
   70    00000028 00000000                      DCD     0                   ;  
    Reserved
   71    0000002C ........                      DCD     SVC_Handler         ; 
  -5 SVCall Handler
   72    00000030 ........                      DCD     DebugMon_Handler    ; 
  -4 Debug Monitor Handler
   73    00000034 00000000                      DCD     0                   ;  
    Reserved
   74    00000038 ........                      DCD     PendSV_Handler      ; 
  -2 PendSV Handler
   75    0000003C ........                      DCD     SysTick_Handler     ; 
  -1 SysTick Handler
   76                           
   77                                           ; Interrupts
   78    00000040 ........                      DCD     GPIOA_Handler       ;  
   0 GPIO Port A
   79    00000044 ........                      DCD     GPIOB_Handler       ;  
   1 GPIO Port B
   80    00000048 ........                      DCD     GPIOC_Handler       ;  
   2 GPIO Port C
   81    0000004C ........                      DCD     GPIOD_Handler       ;  
   3 GPIO Port D
   82    00000050 ........                      DCD     GPIOE_Handler       ;  
   4 GPIO Port E
   83    00000054 ........                      DCD     UART0_Handler       ;  
   5 UART0 Rx and Tx
   84    00000058 ........                      DCD     UART1_Handler       ;  
   6 UART1 Rx and Tx
   85    0000005C ........                      DCD     SSI0_Handler        ;  
   7 SSI0 Rx and Tx
   86    00000060 ........                      DCD     I2C0_Handler        ;  
   8 I2C0 Master and Slave
   87    00000064 ........                      DCD     PMW0_FAULT_Handler  ;  
   9 PWM0 Fault
   88    00000068 ........                      DCD     PWM0_0_Handler      ;  
  10 PWM0 Generator 0
   89    0000006C ........                      DCD     PWM0_1_Handler      ;  
  11 PWM0 Generator 1
   90    00000070 ........                      DCD     PWM0_2_Handler      ;  
  12 PWM0 Generator 2
   91    00000074 ........                      DCD     QEI0_Handler        ;  
  13 Quadrature Encoder 0
   92    00000078 ........                      DCD     ADC0SS0_Handler     ;  
  14 ADC Sequence 0
   93    0000007C ........                      DCD     ADC0SS1_Handler     ;  
  15 ADC Sequence 1
   94    00000080 ........                      DCD     ADC0SS2_Handler     ;  
  16 ADC Sequence 2
   95    00000084 ........                      DCD     ADC0SS3_Handler     ;  
  17 ADC Sequence 3
   96    00000088 ........                      DCD     WDT0_Handler        ;  
  18 Watchdog timer 0
   97    0000008C ........                      DCD     TIMER0A_Handler     ;  
  19 Timer 0 subtimer A
   98    00000090 ........                      DCD     TIMER0B_Handler     ;  
  20 Timer 0 subtimer B
   99    00000094 ........                      DCD     TIMER1A_Handler     ;  
  21 Timer 1 subtimer A
  100    00000098 ........                      DCD     TIMER1B_Handler     ;  
  22 Timer 1 subtimer B
  101    0000009C ........                      DCD     TIMER2A_Handler     ;  
  23 Timer 2 subtimer A
  102    000000A0 ........                      DCD     TIMER2B_Handler     ;  
  24 Timer 2 subtimer B
  103    000000A4 ........                      DCD     COMP0_Handler       ;  
  25 Analog Comparator 0
  104    000000A8 ........                      DCD     COMP1_Handler       ;  
  26 Analog Comparator 1
  105    000000AC ........                      DCD     COMP2_Handler       ;  
  27 Analog Comparator 2
  106    000000B0 ........                      DCD     SYSCTL_Handler      ;  
  28 System Control (PLL, OSC, BO)
  107    000000B4 ........                      DCD     FLASH_Handler       ;  
  29 FLASH Control
  108    000000B8 ........                      DCD     GPIOF_Handler       ;  
  30 GPIO Port F
  109    000000BC ........                      DCD     GPIOG_Handler       ;  
  31 GPIO Port G
  110    000000C0 ........                      DCD     GPIOH_Handler       ;  
  32 GPIO Port H
  111    000000C4 ........                      DCD     UART2_Handler       ;  
  33 UART2 Rx and Tx
  112    000000C8 ........                      DCD     SSI1_Handler        ;  
  34 SSI1 Rx and Tx
  113    000000CC ........                      DCD     TIMER3A_Handler     ;  
  35 Timer 3 subtimer A
  114    000000D0 ........                      DCD     TIMER3B_Handler     ;  
  36 Timer 3 subtimer B
  115    000000D4 ........                      DCD     I2C1_Handler        ;  
  37 I2C1 Master and Slave
  116    000000D8 ........                      DCD     CAN0_Handler        ;  
  38 CAN0
  117    000000DC ........                      DCD     CAN1_Handler        ;  
  39 CAN1
  118    000000E0 ........                      DCD     ETH_Handler         ;  
  40 Ethernet
  119    000000E4 ........                      DCD     HIB_Handler         ;  
  41 Hibernate
  120    000000E8 ........                      DCD     USB0_Handler        ;  
  42 USB0
  121    000000EC ........                      DCD     PWM0_3_Handler      ;  
  43 PWM0 Generator 3
  122    000000F0 ........                      DCD     UDMA_Handler        ;  
  44 uDMA Software Transfer
  123    000000F4 ........                      DCD     UDMAERR_Handler     ;  
  45 uDMA Error
  124    000000F8 ........                      DCD     ADC1SS0_Handler     ;  
  46 ADC1 Sequence 0
  125    000000FC ........                      DCD     ADC1SS1_Handler     ;  
  47 ADC1 Sequence 1
  126    00000100 ........                      DCD     ADC1SS2_Handler     ;  
  48 ADC1 Sequence 2
  127    00000104 ........                      DCD     ADC1SS3_Handler     ;  
  49 ADC1 Sequence 3
  128    00000108 ........                      DCD     EBI0_Handler        ;  
  50 External Bus Interface 0
  129    0000010C ........                      DCD     GPIOJ_Handler       ;  
  51 GPIO Port J
  130    00000110 ........                      DCD     GPIOK_Handler       ;  
  52 GPIO Port K
  131    00000114 ........                      DCD     GPIOL_Handler       ;  
  53 GPIO Port L
  132    00000118 ........                      DCD     SSI2_Handler        ;  
  54 SSI2 Rx and Tx
  133    0000011C ........                      DCD     SSI3_Handler        ;  
  55 SSI3 Rx and Tx
  134    00000120 ........                      DCD     UART3_Handler       ;  
  56 UART3 Rx and Tx
  135    00000124 ........                      DCD     UART4_Handler       ;  
  57 UART4 Rx and Tx
  136    00000128 ........                      DCD     UART5_Handler       ;  
  58 UART5 Rx and Tx
  137    0000012C ........                      DCD     UART6_Handler       ;  
  59 UART6 Rx and Tx
  138    00000130 ........                      DCD     UART7_Handler       ;  
  60 UART7 Rx and Tx
  139    00000134 ........                      DCD     I2C2_Handler        ;  
  61 I2C2 Master and Slave
  140    00000138 ........                      DCD     I2C3_Handler        ;  
  62 I2C3 Master and Slave
  141    0000013C ........                      DCD     TIMER4A_Handler     ;  
  63 Timer 4 subtimer A
  142    00000140 ........                      DCD     TIMER4B_Handler     ;  
  64 Timer 4 subtimer B
  143    00000144 ........                      DCD     TIMER5A_Handler     ;  
  65 Timer 5 subtimer A
  144    00000148 ........                      DCD     TIMER5B_Handler     ;  
  66 Timer 5 subtimer B
  145    0000014C ........                      DCD     FPU_Handler         ;  
  67 FPU
  146    00000150 00000000                      DCD     0                   ;  
  68 Reserved
  147    00000154 00000000                      DCD     0                   ;  
  69 Reserved
  148    00000158 ........                      DCD     I2C4_Handler        ;  
  70 I2C4 Master and Slave
  149    0000015C ........                      DCD     I2C5_Handler        ;  
  71 I2C5 Master and Slave
  150    00000160 ........                      DCD     GPIOM_Handler       ;  
  72 GPIO Port M
  151    00000164 ........                      DCD     GPION_Handler       ;  
  73 GPIO Port N
  152    00000168 00000000                      DCD     0                   ;  
  74 Reserved
  153    0000016C ........                      DCD     TAMPER_Handler      ;  
  75 Tamper
  154    00000170 ........                      DCD     GPIOP0_Handler      ;  
  76 GPIO Port P (Summary or P0)
  155    00000174 ........                      DCD     GPIOP1_Handler      ;  
  77 GPIO Port P1
  156    00000178 ........                      DCD     GPIOP2_Handler      ;  
  78 GPIO Port P2
  157    0000017C ........                      DCD     GPIOP3_Handler      ;  
  79 GPIO Port P3
  158    00000180 ........                      DCD     GPIOP4_Handler      ;  
  80 GPIO Port P4
  159    00000184 ........                      DCD     GPIOP5_Handler      ;  
  81 GPIO Port P5
  160    00000188 ........                      DCD     GPIOP6_Handler      ;  
  82 GPIO Port P6
  161    0000018C ........                      DCD     GPIOP7_Handler      ;  
  83 GPIO Port P7
  162    00000190 ........                      DCD     GPIOQ0_Handler      ;  
  84 GPIO Port Q (Summary or Q0)
  163    00000194 ........                      DCD     GPIOQ1_Handler      ;  
  85 GPIO Port Q1
  164    00000198 ........                      DCD     GPIOQ2_Handler      ;  
  86 GPIO Port Q2
  165    0000019C ........                      DCD     GPIOQ3_Handler      ;  
  87 GPIO Port Q3
  166    000001A0 ........                      DCD     GPIOQ4_Handler      ;  
  88 GPIO Port Q4
  167    000001A4 ........                      DCD     GPIOQ5_Handler      ;  
  89 GPIO Port Q5
  168    000001A8 ........                      DCD     GPIOQ6_Handler      ;  
  90 GPIO Port Q6
  169    000001AC ........                      DCD     GPIOQ7_Handler      ;  
  91 GPIO Port Q7
  170    000001B0 00000000                      DCD     0                   ;  
  92 Reserved
  171    000001B4 00000000                      DCD     0                   ;  
  93 Reserved
  172    000001B8 00000000                      DCD     0                   ;  
  94 Reserved
  173    000001BC 00000000                      DCD     0                   ;  
  95 Reserved
  174    000001C0 00000000                      DCD     0                   ;  
  96 Reserved
  175    000001C4 00000000                      DCD     0                   ;  
  97 Reserved
  176    000001C8 ........                      DCD     TIMER6A_Handler     ;  
  98 Timer 6 subtimer A
  177    000001CC ........                      DCD     TIMER6B_Handler     ;  
  99 Timer 6 subtimer B
  178    000001D0 ........                      DCD     TIMER7A_Handler     ; 
  100 Timer 7 subtimer A
  179    000001D4 ........                      DCD     TIMER7B_Handler     ; 
  101 Timer 7 subtimer B
  180    000001D8 ........                      DCD     I2C6_Handler        ; 
  102 I2C6 Master and Slave
  181    000001DC ........                      DCD     I2C7_Handler        ; 
  103 I2C7 Master and Slave
  182    000001E0 00000000                      DCD     0                   ; 
  104 Reserved
  183    000001E4 00000000                      DCD     0                   ; 
  105 Reserved
  184    000001E8 00000000                      DCD     0                   ; 
  106 Reserved
  185    000001EC 00000000                      DCD     0                   ; 
  107 Reserved
  186    000001F0 00000000                      DCD     0                   ; 
  108 Reserved
  187    000001F4 ........                      DCD     I2C8_Handler        ; 
  109 I2C8 Master and Slave
  188    000001F8 ........                      DCD     I2C9_Handler        ; 
  110 I2C9 Master and Slave
  189    000001FC 00000000                      DCD     0                   ; 
  111 Reserved
  190    00000200 00000000                      DCD     0                   ; 
  112 Reserved
  191    00000204 00000000                      DCD     0                   ; 
  113 Reserved
  192                           
  193                                           DS32    (110)               ;
                                 Interrupts 114 .. 224 are left out
  194                           __Vectors_End
  195                           
  196                           __Vectors       EQU   __vector_table
  197                           __Vectors_Size  EQU   __Vectors_End -
                                 __Vectors
  198                           
  199                           
  200                                           SECTION .text:CODE:REORDER:NOR
                                OOT(2)
  201                           
  202                                           THUMB
  203                           
  204                                           PUBWEAK NMI_Handler
  205                                           PUBWEAK HardFault_Handler
  206                                           PUBWEAK MemManage_Handler
  207                                           PUBWEAK BusFault_Handler
  208                                           PUBWEAK UsageFault_Handler
  209                                           PUBWEAK SVC_Handler
  210                                           PUBWEAK DebugMon_Handler
  211                                           PUBWEAK PendSV_Handler
  212                                           PUBWEAK SysTick_Handler
  213                           
  214                                           PUBWEAK GPIOA_Handler
  215                                           PUBWEAK GPIOB_Handler
  216                                           PUBWEAK GPIOC_Handler
  217                                           PUBWEAK GPIOD_Handler
  218                                           PUBWEAK GPIOE_Handler
  219                                           PUBWEAK UART0_Handler
  220                                           PUBWEAK UART1_Handler
  221                                           PUBWEAK SSI0_Handler
  222                                           PUBWEAK I2C0_Handler
  223                                           PUBWEAK PMW0_FAULT_Handler
  224                                           PUBWEAK PWM0_0_Handler
  225                                           PUBWEAK PWM0_1_Handler
  226                                           PUBWEAK PWM0_2_Handler
  227                                           PUBWEAK QEI0_Handler
  228                                           PUBWEAK ADC0SS0_Handler
  229                                           PUBWEAK ADC0SS1_Handler
  230                                           PUBWEAK ADC0SS2_Handler
  231                                           PUBWEAK ADC0SS3_Handler
  232                                           PUBWEAK WDT0_Handler
  233                                           PUBWEAK TIMER0A_Handler
  234                                           PUBWEAK TIMER0B_Handler
  235                                           PUBWEAK TIMER1A_Handler
  236                                           PUBWEAK TIMER1B_Handler
  237                                           PUBWEAK TIMER2A_Handler
  238                                           PUBWEAK TIMER2B_Handler
  239                                           PUBWEAK COMP0_Handler
  240                                           PUBWEAK COMP1_Handler
  241                                           PUBWEAK COMP2_Handler
  242                                           PUBWEAK SYSCTL_Handler
  243                                           PUBWEAK FLASH_Handler
  244                                           PUBWEAK GPIOF_Handler
  245                                           PUBWEAK GPIOG_Handler
  246                                           PUBWEAK GPIOH_Handler
  247                                           PUBWEAK UART2_Handler
  248                                           PUBWEAK SSI1_Handler
  249                                           PUBWEAK TIMER3A_Handler
  250                                           PUBWEAK TIMER3B_Handler
  251                                           PUBWEAK I2C1_Handler
  252                                           PUBWEAK CAN0_Handler
  253                                           PUBWEAK CAN1_Handler
  254                                           PUBWEAK ETH_Handler
  255                                           PUBWEAK HIB_Handler
  256                                           PUBWEAK USB0_Handler
  257                                           PUBWEAK PWM0_3_Handler
  258                                           PUBWEAK UDMA_Handler
  259                                           PUBWEAK UDMAERR_Handler
  260                                           PUBWEAK ADC1SS0_Handler
  261                                           PUBWEAK ADC1SS1_Handler
  262                                           PUBWEAK ADC1SS2_Handler
  263                                           PUBWEAK ADC1SS3_Handler
  264                                           PUBWEAK EBI0_Handler
  265                                           PUBWEAK GPIOJ_Handler
  266                                           PUBWEAK GPIOK_Handler
  267                                           PUBWEAK GPIOL_Handler
  268                                           PUBWEAK SSI2_Handler
  269                                           PUBWEAK SSI3_Handler
  270                                           PUBWEAK UART3_Handler
  271                                           PUBWEAK UART4_Handler
  272                                           PUBWEAK UART5_Handler
  273                                           PUBWEAK UART6_Handler
  274                                           PUBWEAK UART7_Handler
  275                                           PUBWEAK I2C2_Handler
  276                                           PUBWEAK I2C3_Handler
  277                                           PUBWEAK TIMER4A_Handler
  278                                           PUBWEAK TIMER4B_Handler
  279                                           PUBWEAK TIMER5A_Handler
  280                                           PUBWEAK TIMER5B_Handler
  281                                           PUBWEAK FPU_Handler
  282                                           PUBWEAK I2C4_Handler
  283                                           PUBWEAK I2C5_Handler
  284                                           PUBWEAK GPIOM_Handler
  285                                           PUBWEAK GPION_Handler
  286                                           PUBWEAK TAMPER_Handler
  287                                           PUBWEAK GPIOP0_Handler
  288                                           PUBWEAK GPIOP1_Handler
  289                                           PUBWEAK GPIOP2_Handler
  290                                           PUBWEAK GPIOP3_Handler
  291                                           PUBWEAK GPIOP4_Handler
  292                                           PUBWEAK GPIOP5_Handler
  293                                           PUBWEAK GPIOP6_Handler
  294                                           PUBWEAK GPIOP7_Handler
  295                                           PUBWEAK GPIOQ0_Handler
  296                                           PUBWEAK GPIOQ1_Handler
  297                                           PUBWEAK GPIOQ2_Handler
  298                                           PUBWEAK GPIOQ3_Handler
  299                                           PUBWEAK GPIOQ4_Handler
  300                                           PUBWEAK GPIOQ5_Handler
  301                                           PUBWEAK GPIOQ6_Handler
  302                                           PUBWEAK GPIOQ7_Handler
  303                                           PUBWEAK TIMER6A_Handler
  304                                           PUBWEAK TIMER6B_Handler
  305                                           PUBWEAK TIMER7A_Handler
  306                                           PUBWEAK TIMER7B_Handler
  307                                           PUBWEAK I2C6_Handler
  308                                           PUBWEAK I2C7_Handler
  309                                           PUBWEAK I2C8_Handler
  310                                           PUBWEAK I2C9_Handler
  311                           
  312                           NMI_Handler
  313                           HardFault_Handler
  314                           MemManage_Handler
  315                           BusFault_Handler
  316                           UsageFault_Handler
  317                           SVC_Handler
  318                           DebugMon_Handler
  319                           PendSV_Handler
  320                           SysTick_Handler
  321                           
  322                           GPIOA_Handler
  323                           GPIOB_Handler
  324                           GPIOC_Handler
  325                           GPIOD_Handler
  326                           GPIOE_Handler
  327                           UART0_Handler
  328                           UART1_Handler
  329                           SSI0_Handler
  330                           I2C0_Handler
  331                           PMW0_FAULT_Handler
  332                           PWM0_0_Handler
  333                           PWM0_1_Handler
  334                           PWM0_2_Handler
  335                           QEI0_Handler
  336                           ADC0SS0_Handler
  337                           ADC0SS1_Handler
  338                           ADC0SS2_Handler
  339                           ADC0SS3_Handler
  340                           WDT0_Handler
  341                           TIMER0A_Handler
  342                           TIMER0B_Handler
  343                           TIMER1A_Handler
  344                           TIMER1B_Handler
  345                           TIMER2A_Handler
  346                           TIMER2B_Handler
  347                           COMP0_Handler
  348                           COMP1_Handler
  349                           COMP2_Handler
  350                           SYSCTL_Handler
  351                           FLASH_Handler
  352                           GPIOF_Handler
  353                           GPIOG_Handler
  354                           GPIOH_Handler
  355                           UART2_Handler
  356                           SSI1_Handler
  357                           TIMER3A_Handler
  358                           TIMER3B_Handler
  359                           I2C1_Handler
  360                           CAN0_Handler
  361                           CAN1_Handler
  362                           ETH_Handler
  363                           HIB_Handler
  364                           USB0_Handler
  365                           PWM0_3_Handler
  366                           UDMA_Handler
  367                           UDMAERR_Handler
  368                           ADC1SS0_Handler
  369                           ADC1SS1_Handler
  370                           ADC1SS2_Handler
  371                           ADC1SS3_Handler
  372                           EBI0_Handler
  373                           GPIOJ_Handler
  374                           GPIOK_Handler
  375                           GPIOL_Handler
  376                           SSI2_Handler
  377                           SSI3_Handler
  378                           UART3_Handler
  379                           UART4_Handler
  380                           UART5_Handler
  381                           UART6_Handler
  382                           UART7_Handler
  383                           I2C2_Handler
  384                           I2C3_Handler
  385                           TIMER4A_Handler
  386                           TIMER4B_Handler
  387                           TIMER5A_Handler
  388                           TIMER5B_Handler
  389                           FPU_Handler
  390                           I2C4_Handler
  391                           I2C5_Handler
  392                           GPIOM_Handler
  393                           GPION_Handler
  394                           TAMPER_Handler
  395                           GPIOP0_Handler
  396                           GPIOP1_Handler
  397                           GPIOP2_Handler
  398                           GPIOP3_Handler
  399                           GPIOP4_Handler
  400                           GPIOP5_Handler
  401                           GPIOP6_Handler
  402                           GPIOP7_Handler
  403                           GPIOQ0_Handler
  404                           GPIOQ1_Handler
  405                           GPIOQ2_Handler
  406                           GPIOQ3_Handler
  407                           GPIOQ4_Handler
  408                           GPIOQ5_Handler
  409                           GPIOQ6_Handler
  410                           GPIOQ7_Handler
  411                           TIMER6A_Handler
  412                           TIMER6B_Handler
  413                           TIMER7A_Handler
  414                           TIMER7B_Handler
  415                           I2C6_Handler
  416                           I2C7_Handler
  417                           I2C8_Handler
  418                           I2C9_Handler
  419    00000000 FEE7                          B       .
  420                           
  421                                           END
##############################
#           CRC:0            #
#        Errors:   0         #
#        Warnings: 0         #
#         Bytes: 962         #
##############################



